[demo.themefisher.com/vixcon/index.html]
[backblue.gif]
[fade.gif]
[index.html]
[demo.themefisher.com/vixcon/img/favicon.png]
[demo.themefisher.com/vixcon/plugins/bootstrap/css/bootstrap.min.css]
[demo.themefisher.com/vixcon/plugins/themefisher-font/style.css]
[demo.themefisher.com/vixcon/plugins/animate-css/animate.css]
[demo.themefisher.com/vixcon/plugins/magnific-popup/dist/magnific-popup.css]
[demo.themefisher.com/vixcon/plugins/slick-carousel/slick/slick.css]
[demo.themefisher.com/vixcon/plugins/slick-carousel/slick/slick-theme.css]
[demo.themefisher.com/vixcon/css/style.css]
[demo.themefisher.com/vixcon/index-2.html]
[demo.themefisher.com/vixcon/images/logo.png]
[demo.themefisher.com/vixcon/speaker.html]
[demo.themefisher.com/vixcon/blog.html]
[demo.themefisher.com/vixcon/about.html]
[demo.themefisher.com/vixcon/pricing.html]
[demo.themefisher.com/vixcon/schedule.html]
[demo.themefisher.com/vixcon/login.html]
[demo.themefisher.com/vixcon/signup.html]
[demo.themefisher.com/vixcon/error.html]
[demo.themefisher.com/vixcon/faq.html]
[demo.themefisher.com/vixcon/blog-single.html]
[demo.themefisher.com/vixcon/contact.html]
[demo.themefisher.com/vixcon/images/banner/banner-2.jpg]
[demo.themefisher.com/vixcon/images/about/h1-gallery-img-7.jpg]
[demo.themefisher.com/vixcon/images/about/main-home-img-1.jpg]
[demo.themefisher.com/vixcon/images/banner/rev-slider-09.png]
[demo.themefisher.com/vixcon/images/about/wordpress.png]
[demo.themefisher.com/vixcon/images/about/big-data.png]
[demo.themefisher.com/vixcon/images/about/lunch.jpg]
[demo.themefisher.com/vixcon/images/about/creativity.jpg]
[demo.themefisher.com/vixcon/images/teams/s-1.jpg]
[demo.themefisher.com/vixcon/speaker-single.html]
[demo.themefisher.com/vixcon/images/teams/s-2.jpg]
[demo.themefisher.com/vixcon/images/teams/s-3.jpg]
[demo.themefisher.com/vixcon/images/teams/s-4.jpg]
[demo.themefisher.com/vixcon/images/teams/s-5.jpg]
[demo.themefisher.com/vixcon/images/teams/s-6.jpg]
[demo.themefisher.com/vixcon/images/clients/client-img-1.png]
[demo.themefisher.com/vixcon/images/clients/client-img-2.png]
[demo.themefisher.com/vixcon/images/clients/client-img-3.png]
[demo.themefisher.com/vixcon/images/clients/client-img-4.png]
[demo.themefisher.com/vixcon/images/clients/client-img-5.png]
[demo.themefisher.com/vixcon/images/clients/client-img-6.png]
[demo.themefisher.com/vixcon/images/clients/client-img-7.png]
[demo.themefisher.com/vixcon/images/clients/client-img-8.png]
[demo.themefisher.com/vixcon/images/clients/client-img-9.png]
[demo.themefisher.com/vixcon/images/bg/cta-bg.jpg]
[demo.themefisher.com/vixcon/images/blog/blog-img-1.jpg]
[demo.themefisher.com/vixcon/images/blog/blog-img-2.jpg]
[demo.themefisher.com/vixcon/images/blog/blog-img-3.jpg]
[demo.themefisher.com/vixcon/plugins/SyoTimer/jquery.syotimer.min.js]
[demo.themefisher.com/vixcon/plugins/bootstrap/js/bootstrap.min.js]
[demo.themefisher.com/vixcon/plugins/easing/waypoint.js]
[demo.themefisher.com/vixcon/plugins/jquery/jquery.js]
[cdnjs.cloudflare.com/ajax/libs/jquery-validate/1.11.1/jquery.validate.min.js]
[cdnjs.cloudflare.com/ajax/libs/jquery.form/3.32/jquery.form.js]
[demo.themefisher.com/vixcon/plugins/easing/easing.js]
[demo.themefisher.com/vixcon/index.html]
[demo.themefisher.com/vixcon/img/favicon.html]
[demo.themefisher.com/vixcon/plugins/bootstrap/css/bootstrap.min.css]
[demo.themefisher.com/vixcon/plugins/google-map/gmap3.min.js]
[demo.themefisher.com/vixcon/js/script.js]
[demo.themefisher.com/vixcon/plugins/magnific-popup/dist/jquery.magnific-popup.js]
[demo.themefisher.com/vixcon/plugins/themefisher-font/fonts/themefisher-font692c.ttf]
[demo.themefisher.com/vixcon/plugins/themefisher-font/fonts/themefisher-font692c.woff]
[demo.themefisher.com/vixcon/plugins/themefisher-font/fonts/themefisher-font692c.svg]
[demo.themefisher.com/vixcon/plugins/themefisher-font/style.css]
[demo.themefisher.com/vixcon/plugins/animate-css/animate.css]
[demo.themefisher.com/vixcon/plugins/magnific-popup/dist/magnific-popup.css]
[demo.themefisher.com/vixcon/plugins/slick-carousel/slick/slick.css]
[demo.themefisher.com/vixcon/plugins/slick-carousel/slick/ajax-loader.gif]
[demo.themefisher.com/vixcon/plugins/slick-carousel/slick/fonts/slick.eot]
[demo.themefisher.com/vixcon/plugins/slick-carousel/slick/fonts/slickd41d.eot]
[demo.themefisher.com/vixcon/plugins/slick-carousel/slick/fonts/slick.woff]
[demo.themefisher.com/vixcon/plugins/slick-carousel/slick/fonts/slick.ttf]
[demo.themefisher.com/vixcon/plugins/slick-carousel/slick/fonts/slick.svg]
[demo.themefisher.com/vixcon/plugins/slick-carousel/slick/slick-theme.css]
[demo.themefisher.com/vixcon/images/about/bg-1.jpg]
[demo.themefisher.com/vixcon/images/bg/page-header.jpg]
[demo.themefisher.com/vixcon/plugins/themefisher-font/fonts/themefisher-font692c.eot]
[demo.themefisher.com/vixcon/images/banner/speakers-bg-black.jpg]
[demo.themefisher.com/vixcon/images/bg/footer-bg.jpg]
[demo.themefisher.com/vixcon/css/style.css]
[demo.themefisher.com/vixcon/index-2.html]
[demo.themefisher.com/vixcon/speaker.html]
[demo.themefisher.com/vixcon/images/blog/blog-2.jpg]
[demo.themefisher.com/vixcon/images/blog/blog-3.jpg]
[demo.themefisher.com/vixcon/images/blog/blog-1.jpg]
[demo.themefisher.com/vixcon/blog.html]
[demo.themefisher.com/vixcon/images/bg/ctg.jpg]
[demo.themefisher.com/vixcon/about.html]
[demo.themefisher.com/vixcon/pricing.html]
[demo.themefisher.com/vixcon/schedule.html]
[demo.themefisher.com/vixcon/images/about/login.jpg]
[demo.themefisher.com/vixcon/login.html]
[demo.themefisher.com/vixcon/images/about/signup.png]
[demo.themefisher.com/vixcon/signup.html]
[demo.themefisher.com/vixcon/images/about/404-Error-Concept.png]
[demo.themefisher.com/vixcon/error.html]
[demo.themefisher.com/vixcon/faq.html]
[demo.themefisher.com/vixcon/images/blog/blog-post-1.jpg]
[demo.themefisher.com/vixcon/images/avater.jpg]
[demo.themefisher.com/vixcon/images/clients/s-2.jpg]
[demo.themefisher.com/vixcon/images/clients/s-1.jpg]
[demo.themefisher.com/vixcon/blog-single.html]
[demo.themefisher.com/vixcon/contact.html]
[demo.themefisher.com/vixcon/speaker-single.html]
[demo.themefisher.com/vixcon/plugins/themefisher-font/fonts/themefisher-font692c.svg]
[demo.themefisher.com/vixcon/plugins/slick-carousel/slick/fonts/slick.svg]
[demo.themefisher.com/vixcon/images/about/bg-1.html]
